[       4ms] [ERROR] Failed to load resource: net::ERR_CONNECTION_REFUSED @ http://localhost:3137/_next/static/chunks/src_app_globals_162hn9o.css:0
[      35ms] [INFO] %cDownload the React DevTools for a better development experience: https://react.dev/link/react-devtools font-weight:bold @ http://localhost:3137/_next/static/chunks/node_modules_next_dist_1ybzpk2._.js:2477
[      58ms] [ERROR] WebSocket connection to 'ws://localhost:3137/_next/webpack-hmr?id=dGvnCgco8fAO3QU8VCcQW' failed: Error in connection establishment: net::ERR_CONNECTION_REFUSED @ http://localhost:3137/_next/static/chunks/node_modules_next_dist_client_0r5nbpw._.js:13422
[      69ms] [ERROR] Failed to load resource: net::ERR_CONNECTION_REFUSED @ http://localhost:3137/api/auth/get-session:0
[      79ms] [ERROR] Failed to load resource: net::ERR_CONNECTION_REFUSED @ http://localhost:3137/favicon.ico:0
[      83ms] Error: Hydration failed because the server rendered HTML didn't match the client. As a result this tree will be regenerated on the client. This can happen if a SSR-ed Client Component used:

- A server/client branch `if (typeof window !== 'undefined')`.
- Variable input such as `Date.now()` or `Math.random()` which changes each time it's called.
- Date formatting in a user's locale which doesn't match the server.
- External changing data without sending a snapshot of it along with the HTML.
- Invalid HTML tag nesting.

It can also happen if the client has a browser extension installed which messes with the HTML before React loaded.

https://react.dev/link/hydration-mismatch

  ...
    <RenderFromTemplateContext>
      <ScrollAndMaybeFocusHandler cacheNode={{rsc:<Fragment>, ...}}>
        <InnerScrollAndFocusHandlerOld focusAndScrollRef={{scrollRef:null, ...}} cacheNode={{rsc:<Fragment>, ...}}>
          <ErrorBoundary errorComponent={undefined} errorStyles={undefined} errorScripts={undefined}>
            <LoadingBoundary name="create/" loading={null}>
              <HTTPAccessFallbackBoundary notFound={undefined} forbidden={undefined} unauthorized={undefined}>
                <RedirectBoundary>
                  <RedirectErrorBoundary router={{...}}>
                    <InnerLayoutRouter url="/create" tree={[...]} params={{}} cacheNode={{rsc:<Fragment>, ...}} ...>
                      <SegmentViewNode type="page" pagePath="create/pag...">
                        <SegmentTrieNode>
                        <CreatePage>
                          <Container>
                            <main className="mx-auto w-...">
                              <CreateStructuredExperience>
                                <div
+                                 className="mx-auto flex max-w-sm flex-col gap-4"
-                                 className="text-muted"
-                                 aria-busy="true"
                                >
+                                 <h1 className="font-display text-3xl font-semibold tracking-tight text-fg">
-                                 Loading…
                                  ...
                      ...
                    ...
          ...

    at throwOnHydrationMismatch (http://localhost:3137/_next/static/chunks/node_modules_next_dist_compiled_react-dom_096_9a-._.js:3318:56)
    at beginWork (http://localhost:3137/_next/static/chunks/node_modules_next_dist_compiled_react-dom_096_9a-._.js:6758:918)
    at runWithFiberInDEV (http://localhost:3137/_next/static/chunks/node_modules_next_dist_compiled_react-dom_096_9a-._.js:965:74)
    at performUnitOfWork (http://localhost:3137/_next/static/chunks/node_modules_next_dist_compiled_react-dom_096_9a-._.js:9555:97)
    at workLoopConcurrentByScheduler (http://localhost:3137/_next/static/chunks/node_modules_next_dist_compiled_react-dom_096_9a-._.js:9551:58)
    at renderRootConcurrent (http://localhost:3137/_next/static/chunks/node_modules_next_dist_compiled_react-dom_096_9a-._.js:9534:71)
    at performWorkOnRoot (http://localhost:3137/_next/static/chunks/node_modules_next_dist_compiled_react-dom_096_9a-._.js:9061:150)
    at performWorkOnRootViaSchedulerTask (http://localhost:3137/_next/static/chunks/node_modules_next_dist_compiled_react-dom_096_9a-._.js:10255:9)
    at MessagePort.performWorkUntilDeadline (http://localhost:3137/_next/static/chunks/node_modules_next_dist_compiled_1amofcm._.js:2647:64)
[      89ms] [ERROR] Failed to load resource: net::ERR_CONNECTION_REFUSED @ http://localhost:3137/__nextjs_original-stack-frames:0
[    1065ms] [ERROR] WebSocket connection to 'ws://localhost:3137/_next/webpack-hmr?id=dGvnCgco8fAO3QU8VCcQW' failed: Error in connection establishment: net::ERR_CONNECTION_REFUSED @ http://localhost:3137/_next/static/chunks/node_modules_next_dist_client_0r5nbpw._.js:13422
[    2066ms] [ERROR] WebSocket connection to 'ws://localhost:3137/_next/webpack-hmr?id=dGvnCgco8fAO3QU8VCcQW' failed: Error in connection establishment: net::ERR_CONNECTION_REFUSED @ http://localhost:3137/_next/static/chunks/node_modules_next_dist_client_0r5nbpw._.js:13422
[    3068ms] [ERROR] WebSocket connection to 'ws://localhost:3137/_next/webpack-hmr?id=dGvnCgco8fAO3QU8VCcQW' failed: Error in connection establishment: net::ERR_CONNECTION_REFUSED @ http://localhost:3137/_next/static/chunks/node_modules_next_dist_client_0r5nbpw._.js:13422
